Microchip MPLAB XC8 Compiler V2.50

Linker command line:

-W-3 \
  --edf=C:\Program Files\Microchip\xc8\v2.50\pic\dat\20240725155939_en.msgs \
  -cn -h+dist/default/production\display-mcu-PIC16F88.X.production.sym \
  --cmf=dist/default/production\display-mcu-PIC16F88.X.production.cmf -z \
  -Q16F88 -oC:\Users\adeni\AppData\Local\Temp\xcAs1uck.\driver_tmp_3.o \
  --defsym=__MPLAB_BUILD=1 --fixupoverflow=error \
  -Mdist/default/production/display-mcu-PIC16F88.X.production.map \
  --md=C:\Users\adeni\AppData\Local\Temp\xcAs1uck.\driver_tmp_0.dat -E1 \
  -ver=XC8 Compiler --acfsm=1493 -ACODE=00h-07FFhx2 -ASTRCODE=00h-0FFFh \
  -ASTRING=00h-0FFhx16 -ACONST=00h-0FFhx16 -AENTRY=00h-0FFhx16 \
  -ACOMMON=070h-07Fh -ABANK0=020h-06Fh -ABANK1=0A0h-0EFh \
  -ABANK2=0110h-016Fh -ABANK3=0190h-01EFh \
  -ARAM=020h-06Fh,0A0h-0EFh,0110h-016Fh,0190h-01EFh \
  -AABS1=020h-07Fh,0A0h-0EFh,0110h-016Fh,0190h-01EFh -ASFR0=00h-01Fh \
  -ASFR1=080h-09Fh -ASFR2=0100h-010Fh -ASFR3=0180h-018Fh \
  -ACONFIG=02007h-02008h -DCONFIG=2 -AIDLOC=02000h-02003h -DIDLOC=2 \
  -AEEDATA=00h-0FFh/02100h -peeprom_data=EEDATA -DEEDATA=2 -DCODE=2 \
  -DSTRCODE=2 -DSTRING=2 -DCONST=2 -DENTRY=2 \
  -preset_vec=00h,intentry,sivt,init,end_init -ppowerup=CODE -pcinit=CODE \
  -pfunctab=ENTRY -k \
  C:\Users\adeni\AppData\Local\Temp\xcAs1uck.\driver_tmp_12.o \
  dist/default/production\display-mcu-PIC16F88.X.production.o 

Object code version is 3.11

Machine type is 16F88



                Name                               Link     Load   Length Selector   Space Scale
C:\Users\adeni\AppData\Local\Temp\xcAs1uck.\driver_tmp_12.o
                end_init                              0        0        2        0       0
                config                             2007     2007        2        0       4
dist/default/production\display-mcu-PIC16F88.X.production.o
                cinit                               7F1      7F1        F      FE2       0
                config                             2007     2007        2        0       4
                text14                              D3F      D3F       63     1A7E       0
                text13                              CE8      CE8       57     19D0       0
                text12                                F        F       A2       1E       0
                text11                              C8B      C8B       27     1916       0
                text10                              4C1      4C1      330      982       0
                text9                               271      271      250      4E2       0
                text8                               C69      C69       22     18D2       0
                text7                               DA2      DA2       76     1B44       0
                text6                               F4C      F4C       B4     1E98       0
                text5                               CB2      CB2       36     1964       0
                text4                               C49      C49        6     1892       0
                text3                                B1       B1      1C0      162       0
                text2                               EAD      EAD       9F     1D5A       0
                text1                               C4F      C4F        9     189E       0
                maintext                            E18      E18       95     1C30       0
                cstackBANK0                          20       20       4C       20       1
                cstackCOMMON                         70       70        E       70       1
                cstackBANK1                          A0       A0        B       A0       1
                inittext                            C58      C58       11     18B0       0
                dataBANK1                            AB       AB        A       A0       1
                idataBANK1                            5        5        A        A       0

TOTAL           Name                               Link     Load   Length     Space
        CLASS   CODE           
                end_init                              0        0        2         0
                cinit                               7F1      7F1        F         0
                text14                              D3F      D3F       63         0
                text13                              CE8      CE8       57         0
                text12                                F        F       A2         0
                text11                              C8B      C8B       27         0
                text10                              4C1      4C1      330         0
                text9                               271      271      250         0
                text8                               C69      C69       22         0
                text7                               DA2      DA2       76         0
                text6                               F4C      F4C       B4         0
                text5                               CB2      CB2       36         0
                text4                               C49      C49        6         0
                text3                                B1       B1      1C0         0
                text2                               EAD      EAD       9F         0
                text1                               C4F      C4F        9         0
                maintext                            E18      E18       95         0
                inittext                            C58      C58       11         0
                idataBANK1                            5        5        A         0

        CLASS   STRCODE        

        CLASS   STRING         

        CLASS   CONST          

        CLASS   ENTRY          

        CLASS   COMMON         
                cstackCOMMON                         70       70        E         1

        CLASS   BANK0          
                cstackBANK0                          20       20       4C         1

        CLASS   BANK1          
                cstackBANK1                          A0       A0        B         1
                dataBANK1                            AB       AB        A         1

        CLASS   BANK2          

        CLASS   BANK3          

        CLASS   RAM            

        CLASS   ABS1           
                abs_s1                               7E       7E        2         1

        CLASS   SFR0           

        CLASS   SFR1           

        CLASS   SFR2           

        CLASS   SFR3           

        CLASS   CONFIG         
                config                             2007     2007        2         4

        CLASS   IDLOC          

        CLASS   EEDATA         

        CLASS   HEAP           

        CLASS   STACK          



SEGMENTS        Name                           Load    Length   Top    Selector   Space  Class     Delta

                reset_vec                      000000  000002  000002         0       0  CODE        2
                idataBANK1                     000005  00000A  00000F         A       0  CODE        2
                text12                         00000F  0000A2  0000B1        1E       0  CODE        2
                cstackBANK0                    000020  00004C  00006C        20       1  BANK0       1
                cstackCOMMON                   000070  00000E  00007E        70       1  COMMON      1
                cstackBANK1                    0000A0  000015  0000B5        A0       1  BANK1       1
                text3                          0000B1  0001C0  000271       162       0  CODE        2
                text9                          000271  000250  0004C1       4E2       0  CODE        2
                text10                         0004C1  000330  0007F1       982       0  CODE        2
                cinit                          0007F1  00000F  000800       FE2       0  CODE        2
                text4                          000C49  000006  000C4F      1892       0  CODE        2
                text1                          000C4F  000009  000C58      189E       0  CODE        2
                inittext                       000C58  000011  000C69      18B0       0  CODE        2
                text8                          000C69  000022  000C8B      18D2       0  CODE        2
                text11                         000C8B  000027  000CB2      1916       0  CODE        2
                text5                          000CB2  000036  000CE8      1964       0  CODE        2
                text13                         000CE8  000057  000D3F      19D0       0  CODE        2
                text14                         000D3F  000063  000DA2      1A7E       0  CODE        2
                text7                          000DA2  000076  000E18      1B44       0  CODE        2
                maintext                       000E18  000095  000EAD      1C30       0  CODE        2
                text2                          000EAD  00009F  000F4C      1D5A       0  CODE        2
                text6                          000F4C  0000B4  001000      1E98       0  CODE        2


UNUSED ADDRESS RANGES

        Name                Unused          Largest block    Delta
        BANK0            006C-006F              4           1
        BANK1            00B5-00EF             3B           1
        BANK2            0110-016F             60           1
        BANK3            0190-01EF             60           1
        CODE             0002-0004              3           2
                         0800-0C48            449
        CONST            0002-0004              3           2
                         0800-0C48            100
        EEDATA           2100-21FF            100           2
        ENTRY            0002-0004              3           2
                         0800-0C48            100
        IDLOC            2000-2003              4           2
        RAM              006C-006F              4           1
                         00B5-00EF             3B
                         0110-016F             60
                         0190-01EF             60
        SFR0             0000-001F             20           1
        SFR1             0080-009F             20           1
        SFR2             0100-010F             10           1
        SFR3             0180-018F             10           1
        STRCODE          0002-0004              3           2
                         0800-0C48            449
        STRING           0002-0004              3           2
                         0800-0C48            100

                                  Symbol Table

?__Umul8_16                             cstackCOMMON 0070
?___awdiv                               cstackCOMMON 0070
?___awmod                               cstackCOMMON 0078
?___fladd                               cstackBANK0  0020
?___flmul                               cstackBANK0  003C
?___flsub                               cstackBANK0  0034
?___fltol                               cstackBANK0  0056
?___xxtofl                              cstackCOMMON 0070
_PORTA                                  (abs)        0005
_PORTB                                  (abs)        0006
_TRISA                                  (abs)        0085
_TRISB                                  (abs)        0086
__H__absolute__                         __absolute__ 0000
__Habs1                                 abs1         0000
__Hbank0                                bank0        0000
__Hbank1                                bank1        0000
__Hbank2                                bank2        0000
__Hbank3                                bank3        0000
__Hcinit                                cinit        0800
__Hclrtext                              clrtext      0000
__Hcode                                 code         0000
__Hcommon                               common       0000
__Hconfig                               config       2009
__HcstackBANK0                          cstackBANK0  0000
__HcstackBANK1                          cstackBANK1  0000
__HcstackCOMMON                         cstackCOMMON 0000
__HdataBANK1                            dataBANK1    0000
__Heeprom_data                          eeprom_data  0000
__Hend_init                             end_init     0002
__Hfunctab                              functab      0000
__Hheap                                 heap         0000
__HidataBANK1                           idataBANK1   0000
__Hinit                                 init         0000
__Hinittext                             inittext     0000
__Hintentry                             intentry     0000
__Hmaintext                             maintext     0000
__Hpowerup                              powerup      0000
__Hram                                  ram          0000
__Hreset_vec                            reset_vec    0000
__Hsfr0                                 sfr0         0000
__Hsfr1                                 sfr1         0000
__Hsfr2                                 sfr2         0000
__Hsfr3                                 sfr3         0000
__Hsivt                                 sivt         0000
__Hspace_0                              (abs)        1000
__Hspace_1                              (abs)        00B5
__Hspace_2                              (abs)        0000
__Hspace_3                              (abs)        0000
__Hspace_4                              (abs)        4010
__Hstack                                stack        0000
__Hstrings                              strings      0000
__Htext                                 text         0000
__L__absolute__                         __absolute__ 0000
__Labs1                                 abs1         0000
__Lbank0                                bank0        0000
__Lbank1                                bank1        0000
__Lbank2                                bank2        0000
__Lbank3                                bank3        0000
__Lcinit                                cinit        07F1
__Lclrtext                              clrtext      0000
__Lcode                                 code         0000
__Lcommon                               common       0000
__Lconfig                               config       0000
__LcstackBANK0                          cstackBANK0  0000
__LcstackBANK1                          cstackBANK1  0000
__LcstackCOMMON                         cstackCOMMON 0000
__LdataBANK1                            dataBANK1    0000
__Leeprom_data                          eeprom_data  0000
__Lend_init                             end_init     0000
__Lfunctab                              functab      0000
__Lheap                                 heap         0000
__LidataBANK1                           idataBANK1   0000
__Linit                                 init         0000
__Linittext                             inittext     0000
__Lintentry                             intentry     0000
__Lmaintext                             maintext     0000
__Lpowerup                              powerup      0000
__Lram                                  ram          0000
__Lreset_vec                            reset_vec    0000
__Lsfr0                                 sfr0         0000
__Lsfr1                                 sfr1         0000
__Lsfr2                                 sfr2         0000
__Lsfr3                                 sfr3         0000
__Lsivt                                 sivt         0000
__Lspace_0                              (abs)        0000
__Lspace_1                              (abs)        0000
__Lspace_2                              (abs)        0000
__Lspace_3                              (abs)        0000
__Lspace_4                              (abs)        0000
__Lstack                                stack        0000
__Lstrings                              strings      0000
__Ltext                                 text         0000
__S0                                    (abs)        1000
__S1                                    (abs)        00B5
__S3                                    (abs)        0000
__Umul8_16                              text11       0C8B
__Umul8_16@multiplicand                 cstackCOMMON 0070
__Umul8_16@multiplier                   cstackCOMMON 0078
__Umul8_16@product                      cstackCOMMON 0074
__Umul8_16@word_mpld                    cstackCOMMON 0076
___awdiv                                text14       0D3F
___awdiv@counter                        cstackCOMMON 0074
___awdiv@dividend                       cstackCOMMON 0072
___awdiv@divisor                        cstackCOMMON 0070
___awdiv@quotient                       cstackCOMMON 0076
___awdiv@sign                           cstackCOMMON 0075
___awmod                                text13       0CE8
___awmod@counter                        cstackCOMMON 007C
___awmod@dividend                       cstackCOMMON 007A
___awmod@divisor                        cstackCOMMON 0078
___awmod@sign                           cstackCOMMON 007D
___fladd                                text9        0271
___fladd@a                              cstackBANK0  0024
___fladd@aexp                           cstackBANK0  0031
___fladd@b                              cstackBANK0  0020
___fladd@bexp                           cstackBANK0  0032
___fladd@grs                            cstackBANK0  0033
___fladd@signs                          cstackBANK0  0030
___flge                                 text12       000F
___flge@ff1                             cstackCOMMON 0070
___flge@ff2                             cstackCOMMON 0074
___flmul                                text10       04C1
___flmul@a                              cstackBANK0  0040
___flmul@aexp                           cstackBANK0  004E
___flmul@b                              cstackBANK0  003C
___flmul@bexp                           cstackBANK0  004F
___flmul@grs                            cstackBANK0  004A
___flmul@prod                           cstackBANK0  0050
___flmul@sign                           cstackBANK0  0049
___flmul@temp                           cstackBANK0  0054
___flsub                                text8        0C69
___flsub@a                              cstackBANK0  0034
___flsub@b                              cstackBANK0  0038
___fltol                                text7        0DA2
___fltol@exp1                           cstackBANK0  005F
___fltol@f1                             cstackBANK0  0056
___fltol@sign1                          cstackBANK0  005E
___heap_hi                              (abs)        0000
___heap_lo                              (abs)        0000
___int_sp                               stack        0000
___int_stack_hi                         stack        0000
___int_stack_lo                         stack        0000
___latbits                              (abs)        0001
___sp                                   stack        0000
___stack_hi                             stack        0000
___stack_lo                             stack        0000
___stackhi                              (abs)        0000
___stacklo                              (abs)        0000
___xxtofl                               text6        0F4C
___xxtofl@arg                           cstackCOMMON 007A
___xxtofl@exp                           cstackCOMMON 0079
___xxtofl@sign                          cstackCOMMON 0078
___xxtofl@val                           cstackCOMMON 0070
__end_of__Umul8_16                      text11       0CB2
__end_of___awdiv                        text14       0DA2
__end_of___awmod                        text13       0D3F
__end_of___fladd                        text9        04C1
__end_of___flge                         text12       00B1
__end_of___flmul                        text10       07F1
__end_of___flsub                        text8        0C8B
__end_of___fltol                        text7        0E18
__end_of___xxtofl                       text6        1000
__end_of__initialization                cinit        07FD
__end_of_display_exibir_decimal         text3        0271
__end_of_display_exibir_digito          text5        0CE8
__end_of_display_exibir_numero          text2        0F4C
__end_of_display_inicializar            text1        0C58
__end_of_display_limpar                 text4        0C4F
__end_of_main                           maintext     0EAD
__initialization                        cinit        07F1
__pcstackBANK0                          cstackBANK0  0020
__pcstackBANK1                          cstackBANK1  00A0
__pcstackCOMMON                         cstackCOMMON 0070
__pdataBANK1                            dataBANK1    00AB
__pidataBANK1                           idataBANK1   0005
__pmaintext                             maintext     0E18
__ptext1                                text1        0C4F
__ptext10                               text10       04C1
__ptext11                               text11       0C8B
__ptext12                               text12       000F
__ptext13                               text13       0CE8
__ptext14                               text14       0D3F
__ptext2                                text2        0EAD
__ptext3                                text3        00B1
__ptext4                                text4        0C49
__ptext5                                text5        0CB2
__ptext6                                text6        0F4C
__ptext7                                text7        0DA2
__ptext8                                text8        0C69
__ptext9                                text9        0271
_display_exibir_decimal                 text3        00B1
_display_exibir_decimal$688             cstackBANK1  00A0
_display_exibir_digito                  text5        0CB2
_display_exibir_numero                  text2        0EAD
_display_inicializar                    text1        0C4F
_display_limpar                         text4        0C49
_main                                   maintext     0E18
_segmentos                              dataBANK1    00AB
btemp                                   (abs)        007E
display_exibir_decimal@casas_decimais   cstackBANK1  00A6
display_exibir_decimal@dezenas          cstackBANK1  00A4
display_exibir_decimal@i                cstackBANK1  00A9
display_exibir_decimal@numero           cstackBANK0  0060
display_exibir_decimal@parte_inteira    cstackBANK1  00AA
display_exibir_decimal@primeira_decimal cstackBANK1  00A8
display_exibir_decimal@segunda_decimal  cstackBANK1  00A5
display_exibir_decimal@unidades         cstackBANK1  00A7
display_exibir_digito@digito            cstackCOMMON 0071
display_exibir_digito@posicao           cstackCOMMON 0070
display_exibir_numero@centenas          cstackBANK0  0024
display_exibir_numero@dezenas           cstackBANK0  0025
display_exibir_numero@i                 cstackBANK0  0027
display_exibir_numero@numero            cstackBANK0  0020
display_exibir_numero@unidades          cstackBANK0  0026
end_of_initialization                   cinit        07FD
init_fetch0                             inittext     0C58
init_ram0                               inittext     0C5C
intlevel0                               functab      0000
intlevel1                               functab      0000
intlevel2                               functab      0000
intlevel3                               functab      0000
intlevel4                               functab      0000
intlevel5                               functab      0000
main@i                                  cstackBANK0  006B
reset_vec                               reset_vec    0000
start                                   init         0000
start_initialization                    cinit        07F1
wtemp0                                  (abs)        007E


MODULE INFORMATION

Module		Function		Class		Link	Load	Size
C:\Program Files\Microchip\xc8\v2.50\pic\sources\c99\common\sprcmul.c
		___flmul       		CODE           	04C1	0000	816

C:\Program Files\Microchip\xc8\v2.50\pic\sources\c99\common\sprcmul.c estimated size: 816

C:\Program Files\Microchip\xc8\v2.50\pic\sources\c99\common\awmod.c
		___awmod       		CODE           	0CE8	0000	87

C:\Program Files\Microchip\xc8\v2.50\pic\sources\c99\common\awmod.c estimated size: 87

C:\Program Files\Microchip\xc8\v2.50\pic\sources\c99\common\xxtofl.c
		___xxtofl      		CODE           	0F4C	0000	180

C:\Program Files\Microchip\xc8\v2.50\pic\sources\c99\common\xxtofl.c estimated size: 180

C:\Program Files\Microchip\xc8\v2.50\pic\sources\c99\common\Umul8_16.c
		__Umul8_16     		CODE           	0C8B	0000	39

C:\Program Files\Microchip\xc8\v2.50\pic\sources\c99\common\Umul8_16.c estimated size: 39

display7.c
		_display_exibir_numero		CODE           	0EAD	0000	159
		_display_exibir_digito		CODE           	0CB2	0000	54
		_display_exibir_decimal		CODE           	00B1	0000	448
		_display_limpar		CODE           	0C49	0000	6
		_display_inicializar		CODE           	0C4F	0000	9

display7.c estimated size: 676

C:\Program Files\Microchip\xc8\v2.50\pic\sources\c99\common\sprcadd.c
		___flsub       		CODE           	0C69	0000	34
		___fladd       		CODE           	0271	0000	592

C:\Program Files\Microchip\xc8\v2.50\pic\sources\c99\common\sprcadd.c estimated size: 626

shared
		__initialization		CODE           	07F1	0000	12

shared estimated size: 12

C:\Program Files\Microchip\xc8\v2.50\pic\sources\c99\common\awdiv.c
		___awdiv       		CODE           	0D3F	0000	99

C:\Program Files\Microchip\xc8\v2.50\pic\sources\c99\common\awdiv.c estimated size: 99

C:\Program Files\Microchip\xc8\v2.50\pic\sources\c99\common\fltol.c
		___fltol       		CODE           	0DA2	0000	118

C:\Program Files\Microchip\xc8\v2.50\pic\sources\c99\common\fltol.c estimated size: 118

main.c
		_main          		CODE           	0E18	0000	149

main.c estimated size: 149

C:\Program Files\Microchip\xc8\v2.50\pic\sources\c99\common\flge.c
		___flge        		CODE           	000F	0000	162

C:\Program Files\Microchip\xc8\v2.50\pic\sources\c99\common\flge.c estimated size: 162

